[dotenv@17.3.1] injecting env (16) from .env.local -- tip: 🔐 prevent committing .env to code: https://dotenvx.com/precommit
🚀 Lichess Puzzle → Neo4j Loader (v3 — BATCH MODE)

   CSV:        ./data/lichess_puzzles_100k.csv
   Limit:      100,000 puzzles
   Batch size: 1000
   FEN analysis: ENABLED


📊 Parsing ./data/lichess_puzzles_100k.csv (limit: 100,000)...
   Parsed 10,000...
   Parsed 20,000...
   Parsed 30,000...
   Parsed 40,000...
   Parsed 50,000...
   Parsed 60,000...
   Parsed 70,000...
   Parsed 80,000...
   Parsed 90,000...
   Parsed 100,000...
✅ Parsed 100,000 puzzles

🔬 Running FEN analysis on 100,000 puzzles...
   Analyzed 10,000 / 100,000...
   Analyzed 20,000 / 100,000...
   Analyzed 30,000 / 100,000...
   Analyzed 40,000 / 100,000...
   Analyzed 50,000 / 100,000...
   Analyzed 60,000 / 100,000...
   Analyzed 70,000 / 100,000...
   Analyzed 80,000 / 100,000...
   Analyzed 90,000 / 100,000...
   Analyzed 100,000 / 100,000...
✅ FEN analysis complete
   Puzzles with specific themes: 81,175 (81.2%)
   Unique theme IDs: 95

📥 Ensuring 95 theme nodes exist...
✅ Theme nodes ensured

📥 Loading 100,000 puzzles in 100 batches of 1000...
   (UNWIND+MERGE — ~100x faster than single-row inserts)

   Batch 1/100: 1,000/100,000 (1.0%) — 184 puzzles/s — ETA 538s
   Batch 2/100: 2,000/100,000 (2.0%) — 151 puzzles/s — ETA 651s
   Batch 3/100: 3,000/100,000 (3.0%) — 122 puzzles/s — ETA 797s
   Batch 4/100: 4,000/100,000 (4.0%) — 102 puzzles/s — ETA 940s
   Batch 5/100: 5,000/100,000 (5.0%) — 87 puzzles/s — ETA 1086s
   Batch 6/100: 6,000/100,000 (6.0%) — 77 puzzles/s — ETA 1216s
   Batch 7/100: 7,000/100,000 (7.0%) — 69 puzzles/s — ETA 1347s
   Batch 8/100: 8,000/100,000 (8.0%) — 62 puzzles/s — ETA 1478s
   Batch 9/100: 9,000/100,000 (9.0%) — 57 puzzles/s — ETA 1600s
   Batch 10/100: 10,000/100,000 (10.0%) — 52 puzzles/s — ETA 1726s
   Batch 11/100: 11,000/100,000 (11.0%) — 48 puzzles/s — ETA 1853s
   Batch 12/100: 12,000/100,000 (12.0%) — 45 puzzles/s — ETA 1973s
   Batch 13/100: 13,000/100,000 (13.0%) — 42 puzzles/s — ETA 2086s
   Batch 14/100: 14,000/100,000 (14.0%) — 39 puzzles/s — ETA 2198s
   Batch 15/100: 15,000/100,000 (15.0%) — 37 puzzles/s — ETA 2310s
   Batch 16/100: 16,000/100,000 (16.0%) — 35 puzzles/s — ETA 2425s
   Batch 17/100: 17,000/100,000 (17.0%) — 33 puzzles/s — ETA 2541s
   Batch 18/100: 18,000/100,000 (18.0%) — 31 puzzles/s — ETA 2646s
   Batch 19/100: 19,000/100,000 (19.0%) — 29 puzzles/s — ETA 2746s
