[dotenv@17.3.1] injecting env (16) from .env.local -- tip: ⚡️ secrets for agents: https://dotenvx.com/as2
🚀 Lichess Puzzle → Neo4j Loader (v3 — BATCH MODE)

   CSV:        ./data/lichess_puzzles_100k.csv
   Limit:      100,000 puzzles
   Batch size: 1000
   FEN analysis: ENABLED


📊 Parsing ./data/lichess_puzzles_100k.csv (limit: 100,000)...
   Parsed 10,000...
   Parsed 20,000...
   Parsed 30,000...
   Parsed 40,000...
   Parsed 50,000...
   Parsed 60,000...
   Parsed 70,000...
   Parsed 80,000...
   Parsed 90,000...
   Parsed 100,000...
✅ Parsed 100,000 puzzles

🔬 Running FEN analysis on 100,000 puzzles...
   Analyzed 10,000 / 100,000...
   Analyzed 20,000 / 100,000...
   Analyzed 30,000 / 100,000...
   Analyzed 40,000 / 100,000...
   Analyzed 50,000 / 100,000...
   Analyzed 60,000 / 100,000...
   Analyzed 70,000 / 100,000...
   Analyzed 80,000 / 100,000...
   Analyzed 90,000 / 100,000...
   Analyzed 100,000 / 100,000...
✅ FEN analysis complete
   Puzzles with specific themes: 81,175 (81.2%)
   Unique theme IDs: 95

📥 Ensuring 95 theme nodes exist...
✅ Theme nodes ensured

📥 Loading 100,000 puzzles in 100 batches of 1000...
   (UNWIND+MERGE — ~100x faster than single-row inserts)

   Batch 1/100: 1,000/100,000 (1.0%) — 45 puzzles/s — ETA 2224s
   Batch 2/100: 2,000/100,000 (2.0%) — 46 puzzles/s — ETA 2149s
   Batch 3/100: 3,000/100,000 (3.0%) — 46 puzzles/s — ETA 2117s
   Batch 4/100: 4,000/100,000 (4.0%) — 46 puzzles/s — ETA 2095s
