// Vitest Snapshot v1, https://vitest.dev/guide/snapshot.html

exports[`the review's classification over the real fixtures > is what it was before the bands moved 1`] = `
{
  "01_mate_for_white_midgame.json": [
    "0 start -",
    "1 e4 opening (Opening)",
    "2 e5 opening (King's Pawn Game)",
    "3 Nf3 opening (King's Knight Opening)",
    "4 Nc6 opening (King's Knight Opening: Normal Variation)",
    "5 Bc4 opening (Italian Game)",
    "6 Nf6 forced (Italian Game)",
    "7 Ng5 opening (Italian Game: Two Knights Defense, Knight Attack)",
    "8 d5 opening (Italian Game: Two Knights Defense, Knight Attack, Normal Variation)",
    "9 exd5 forced (Italian Game: Two Knights Defense, Knight Attack, Normal Variation)",
    "10 Nxd5 forced (Italian Game: Two Knights Defense, Knight Attack, Normal Variation)",
    "11 Nxf7 opening (Italian Game: Two Knights Defense, Fried Liver Attack)",
    "12 Kxf7 forced (Italian Game: Two Knights Defense, Fried Liver Attack)",
    "13 Qf3+ forced (Italian Game: Two Knights Defense, Fried Liver Attack)",
    "14 Ke6 best (Italian Game: Two Knights Defense, Fried Liver Attack)",
    "15 Nc3 forced (Italian Game: Two Knights Defense, Fried Liver Attack)",
    "16 Ne7 forced (Italian Game: Two Knights Defense, Fried Liver Attack)",
  ],
  "01_mate_for_white_midgame.json:two-lines": [
    "0 start -",
    "1 e4 opening (Opening)",
    "2 e5 opening (King's Pawn Game)",
    "3 Nf3 opening (King's Knight Opening)",
    "4 Nc6 opening (King's Knight Opening: Normal Variation)",
    "5 Bc4 opening (Italian Game)",
    "6 Nf6 excellent (Italian Game)",
    "7 Ng5 opening (Italian Game: Two Knights Defense, Knight Attack)",
    "8 d5 opening (Italian Game: Two Knights Defense, Knight Attack, Normal Variation)",
    "9 exd5 best (Italian Game: Two Knights Defense, Knight Attack, Normal Variation)",
    "10 Nxd5 inaccuracy (Italian Game: Two Knights Defense, Knight Attack, Normal Variation)",
    "11 Nxf7 opening (Italian Game: Two Knights Defense, Fried Liver Attack)",
    "12 Kxf7 best (Italian Game: Two Knights Defense, Fried Liver Attack)",
    "13 Qf3+ best (Italian Game: Two Knights Defense, Fried Liver Attack)",
    "14 Ke6 best (Italian Game: Two Knights Defense, Fried Liver Attack)",
    "15 Nc3 best (Italian Game: Two Knights Defense, Fried Liver Attack)",
    "16 Ne7 inaccuracy (Italian Game: Two Knights Defense, Fried Liver Attack)",
  ],
  "02_mate_for_black.json": [
    "0 start -",
    "1 e4 opening (Opening)",
    "2 e5 opening (King's Pawn Game)",
    "3 Nf3 opening (King's Knight Opening)",
    "4 Nc6 opening (King's Knight Opening: Normal Variation)",
    "5 Bc4 opening (Italian Game)",
    "6 Bc5 opening (Italian Game: Giuoco Piano)",
    "7 c3 forced (Italian Game: Giuoco Piano)",
    "8 Nf6 opening (Italian Game: Classical Variation)",
    "9 d4 opening (Italian Game: Classical Variation, Center Attack)",
    "10 exd4 best (Italian Game: Classical Variation, Center Attack)",
    "11 cxd4 opening (Italian Game: Classical Variation, Greco Gambit, Traditional Line)",
    "12 Bb6 forced (Italian Game: Classical Variation, Greco Gambit, Traditional Line)",
    "13 d5 forced (Italian Game: Classical Variation, Greco Gambit, Traditional Line)",
    "14 Ne7 forced (Italian Game: Classical Variation, Greco Gambit, Traditional Line)",
    "15 e5 forced (Italian Game: Classical Variation, Greco Gambit, Traditional Line)",
    "16 Ng4 best (Italian Game: Classical Variation, Greco Gambit, Traditional Line)",
    "17 d6 forced (Italian Game: Classical Variation, Greco Gambit, Traditional Line)",
    "18 cxd6 forced (Italian Game: Classical Variation, Greco Gambit, Traditional Line)",
    "19 exd6 best (Italian Game: Classical Variation, Greco Gambit, Traditional Line)",
    "20 Nc6 forced (Italian Game: Classical Variation, Greco Gambit, Traditional Line)",
  ],
  "02_mate_for_black.json:two-lines": [
    "0 start -",
    "1 e4 opening (Opening)",
    "2 e5 opening (King's Pawn Game)",
    "3 Nf3 opening (King's Knight Opening)",
    "4 Nc6 opening (King's Knight Opening: Normal Variation)",
    "5 Bc4 opening (Italian Game)",
    "6 Bc5 opening (Italian Game: Giuoco Piano)",
    "7 c3 excellent (Italian Game: Giuoco Piano)",
    "8 Nf6 opening (Italian Game: Classical Variation)",
    "9 d4 opening (Italian Game: Classical Variation, Center Attack)",
    "10 exd4 best (Italian Game: Classical Variation, Center Attack)",
    "11 cxd4 opening (Italian Game: Classical Variation, Greco Gambit, Traditional Line)",
    "12 Bb6 mistake (Italian Game: Classical Variation, Greco Gambit, Traditional Line)",
    "13 d5 best (Italian Game: Classical Variation, Greco Gambit, Traditional Line)",
    "14 Ne7 best (Italian Game: Classical Variation, Greco Gambit, Traditional Line)",
    "15 e5 best (Italian Game: Classical Variation, Greco Gambit, Traditional Line)",
    "16 Ng4 best (Italian Game: Classical Variation, Greco Gambit, Traditional Line)",
    "17 d6 best (Italian Game: Classical Variation, Greco Gambit, Traditional Line)",
    "18 cxd6 best (Italian Game: Classical Variation, Greco Gambit, Traditional Line)",
    "19 exd6 best (Italian Game: Classical Variation, Greco Gambit, Traditional Line)",
    "20 Nc6 inaccuracy (Italian Game: Classical Variation, Greco Gambit, Traditional Line)",
  ],
  "03_sentinel_timeout.json": [
    "0 start -",
    "1 d4 opening (Opening)",
    "2 d5 opening (Opening)",
    "3 c4 opening (Queen's Gambit)",
    "4 e6 forced (Queen's Gambit)",
    "5 Nc3 opening (Queen's Gambit Declined: Queen's Knight Variation)",
    "6 Nf6 opening (Queen's Gambit Declined: Normal Defense)",
    "7 Bg5 opening (Queen's Gambit Declined: Modern Variation)",
    "8 Be7 forced (Queen's Gambit Declined: Modern Variation)",
    "9 e3 forced (Queen's Gambit Declined: Modern Variation)",
    "10 O-O forced (Queen's Gambit Declined: Modern Variation)",
    "11 Nf3 best (Queen's Gambit Declined: Modern Variation)",
    "12 h6 forced (Queen's Gambit Declined: Modern Variation)",
    "13 Bh4 forced (Queen's Gambit Declined: Modern Variation)",
    "14 b6 forced (Queen's Gambit Declined: Modern Variation)",
    "15 cxd5 forced (Queen's Gambit Declined: Modern Variation)",
    "16 Nxd5 forced (Queen's Gambit Declined: Modern Variation)",
  ],
  "03_sentinel_timeout.json:two-lines": [
    "0 start -",
    "1 d4 opening (Opening)",
    "2 d5 opening (Opening)",
    "3 c4 opening (Queen's Gambit)",
    "4 e6 best (Queen's Gambit)",
    "5 Nc3 opening (Queen's Gambit Declined: Queen's Knight Variation)",
    "6 Nf6 opening (Queen's Gambit Declined: Normal Defense)",
    "7 Bg5 opening (Queen's Gambit Declined: Modern Variation)",
    "8 Be7 best (Queen's Gambit Declined: Modern Variation)",
    "9 e3 best (Queen's Gambit Declined: Modern Variation)",
    "10 O-O excellent (Queen's Gambit Declined: Modern Variation)",
    "11 Nf3 best (Queen's Gambit Declined: Modern Variation)",
    "12 h6 best (Queen's Gambit Declined: Modern Variation)",
    "13 Bh4 excellent (Queen's Gambit Declined: Modern Variation)",
    "14 b6 best (Queen's Gambit Declined: Modern Variation)",
    "15 cxd5 excellent (Queen's Gambit Declined: Modern Variation)",
    "16 Nxd5 best (Queen's Gambit Declined: Modern Variation)",
  ],
  "04_invalid_san_truncation.json": [
    "0 start -",
    "1 e4 opening (Opening)",
    "2 c5 opening (Opening)",
    "3 Nf3 opening (Opening)",
    "4 d6 opening (Sicilian Defense: Modern Variations)",
    "5 d4 best (Sicilian Defense: Modern Variations)",
    "6 cxd4 opening (Sicilian Defense)",
    "7 Nxd4 forced (Sicilian Defense)",
    "8 Nf6 opening (Sicilian Defense: Modern Variations, Main Line)",
    "9 Nc3 forced (Sicilian Defense: Modern Variations, Main Line)",
  ],
  "04_invalid_san_truncation.json:two-lines": [
    "0 start -",
    "1 e4 opening (Opening)",
    "2 c5 opening (Opening)",
    "3 Nf3 opening (Opening)",
    "4 d6 opening (Sicilian Defense: Modern Variations)",
    "5 d4 best (Sicilian Defense: Modern Variations)",
    "6 cxd4 opening (Sicilian Defense)",
    "7 Nxd4 best (Sicilian Defense)",
    "8 Nf6 opening (Sicilian Defense: Modern Variations, Main Line)",
    "9 Nc3 best (Sicilian Defense: Modern Variations, Main Line)",
  ],
  "05_long_game_six_mistakes.json": [
    "0 start -",
    "1 Na3 opening (Sodium Attack)",
    "2 a5 forced (Sodium Attack)",
    "3 Nh3 forced (Sodium Attack)",
    "4 Nh6 forced (Sodium Attack)",
    "5 f3 forced (Sodium Attack)",
    "6 g6 forced (Sodium Attack)",
    "7 e3 forced (Sodium Attack)",
    "8 e5 forced (Sodium Attack)",
    "9 d4 forced (Sodium Attack)",
    "10 c6 forced (Sodium Attack)",
    "11 Nb5 forced (Sodium Attack)",
    "12 Ng8 forced (Sodium Attack)",
    "13 g4 forced (Sodium Attack)",
    "14 Ke7 forced (Sodium Attack)",
    "15 Qd3 forced (Sodium Attack)",
    "16 Qe8 forced (Sodium Attack)",
    "17 Ng5 forced (Sodium Attack)",
    "18 Bg7 forced (Sodium Attack)",
    "19 c3 forced (Sodium Attack)",
    "20 Ra7 forced (Sodium Attack)",
    "21 Qc4 mistake (Sodium Attack)",
    "22 h6 forced (Sodium Attack)",
    "23 Nxa7 forced (Sodium Attack)",
    "24 e4 forced (Sodium Attack)",
    "25 Nxf7 forced (Sodium Attack)",
    "26 Na6 forced (Sodium Attack)",
    "27 Ke2 forced (Sodium Attack)",
    "28 Be5 forced (Sodium Attack)",
    "29 Nxh6 forced (Sodium Attack)",
    "30 Bb8 forced (Sodium Attack)",
    "31 h4 mistake (Sodium Attack)",
    "32 b5 forced (Sodium Attack)",
    "33 Ke1 forced (Sodium Attack)",
    "34 bxc4 forced (Sodium Attack)",
    "35 Rh3 forced (Sodium Attack)",
    "36 Qf7 forced (Sodium Attack)",
    "37 Bxc4 forced (Sodium Attack)",
    "38 c5 forced (Sodium Attack)",
    "39 Rg3 forced (Sodium Attack)",
    "40 Be5 forced (Sodium Attack)",
    "41 Bd5 blunder (Sodium Attack)",
    "42 c4 forced (Sodium Attack)",
    "43 Ba8 forced (Sodium Attack)",
    "44 Ke8 forced (Sodium Attack)",
    "45 Kd2 forced (Sodium Attack)",
    "46 Qe6 forced (Sodium Attack)",
    "47 Kc2 forced (Sodium Attack)",
    "48 Bg7 forced (Sodium Attack)",
    "49 Nxg8 forced (Sodium Attack)",
    "50 Bf6 forced (Sodium Attack)",
    "51 g5 blunder (Sodium Attack)",
    "52 d6 forced (Sodium Attack)",
    "53 Rg2 forced (Sodium Attack)",
    "54 Bg7 forced (Sodium Attack)",
    "55 Re2 forced (Sodium Attack)",
    "56 Qxg8 forced (Sodium Attack)",
    "57 Nb5 forced (Sodium Attack)",
    "58 Bb7 forced (Sodium Attack)",
    "59 a4 forced (Sodium Attack)",
    "60 Qf8 forced (Sodium Attack)",
    "61 Rh2 blunder (Sodium Attack)",
    "62 Ke7 forced (Sodium Attack)",
    "63 Rh1 forced (Sodium Attack)",
    "64 Nc7 forced (Sodium Attack)",
    "65 Bd2 forced (Sodium Attack)",
    "66 Bxd4 forced (Sodium Attack)",
    "67 Rhe1 forced (Sodium Attack)",
    "68 Qxf3 forced (Sodium Attack)",
    "69 b4 forced (Sodium Attack)",
    "70 Qh5 forced (Sodium Attack)",
    "71 Na7 blunder (Sodium Attack)",
    "72 Nb5 forced (Sodium Attack)",
    "73 Red1 forced (Sodium Attack)",
    "74 Bxa8 forced (Sodium Attack)",
    "75 Nc8+ forced (Sodium Attack)",
    "76 Kf7 forced (Sodium Attack)",
    "77 Rdb1 forced (Sodium Attack)",
    "78 Bxe3 forced (Sodium Attack)",
    "79 Rc1 forced (Sodium Attack)",
    "80 Rh7 forced (Sodium Attack)",
    "81 Be1 forced (Sodium Attack)",
    "82 Rh6 forced (Sodium Attack)",
    "83 bxa5 forced (Sodium Attack)",
    "84 Ba7 forced (Sodium Attack)",
  ],
  "05_long_game_six_mistakes.json:two-lines": [
    "0 start -",
    "1 Na3 opening (Sodium Attack)",
    "2 a5 inaccuracy (Sodium Attack)",
    "3 Nh3 inaccuracy (Sodium Attack)",
    "4 Nh6 inaccuracy (Sodium Attack)",
    "5 f3 inaccuracy (Sodium Attack)",
    "6 g6 inaccuracy (Sodium Attack)",
    "7 e3 inaccuracy (Sodium Attack)",
    "8 e5 inaccuracy (Sodium Attack)",
    "9 d4 best (Sodium Attack)",
    "10 c6 inaccuracy (Sodium Attack)",
    "11 Nb5 blunder (Sodium Attack)",
    "12 Ng8 blunder (Sodium Attack)",
    "13 g4 blunder (Sodium Attack)",
    "14 Ke7 blunder (Sodium Attack)",
    "15 Qd3 blunder (Sodium Attack)",
    "16 Qe8 blunder (Sodium Attack)",
    "17 Ng5 blunder (Sodium Attack)",
    "18 Bg7 blunder (Sodium Attack)",
    "19 c3 blunder (Sodium Attack)",
    "20 Ra7 blunder (Sodium Attack)",
    "21 Qc4 mistake (Sodium Attack)",
    "22 h6 blunder (Sodium Attack)",
    "23 Nxa7 inaccuracy (Sodium Attack)",
    "24 e4 mistake (Sodium Attack)",
    "25 Nxf7 mistake (Sodium Attack)",
    "26 Na6 inaccuracy (Sodium Attack)",
    "27 Ke2 mistake (Sodium Attack)",
    "28 Be5 mistake (Sodium Attack)",
    "29 Nxh6 mistake (Sodium Attack)",
    "30 Bb8 mistake (Sodium Attack)",
    "31 h4 mistake (Sodium Attack)",
    "32 b5 mistake (Sodium Attack)",
    "33 Ke1 blunder (Sodium Attack)",
    "34 bxc4 best (Sodium Attack)",
    "35 Rh3 inaccuracy (Sodium Attack)",
    "36 Qf7 blunder (Sodium Attack)",
    "37 Bxc4 blunder (Sodium Attack)",
    "38 c5 blunder (Sodium Attack)",
    "39 Rg3 blunder (Sodium Attack)",
    "40 Be5 blunder (Sodium Attack)",
    "41 Bd5 blunder (Sodium Attack)",
    "42 c4 blunder (Sodium Attack)",
    "43 Ba8 blunder (Sodium Attack)",
    "44 Ke8 blunder (Sodium Attack)",
    "45 Kd2 blunder (Sodium Attack)",
    "46 Qe6 inaccuracy (Sodium Attack)",
    "47 Kc2 inaccuracy (Sodium Attack)",
    "48 Bg7 inaccuracy (Sodium Attack)",
    "49 Nxg8 inaccuracy (Sodium Attack)",
    "50 Bf6 blunder (Sodium Attack)",
    "51 g5 blunder (Sodium Attack)",
    "52 d6 blunder (Sodium Attack)",
    "53 Rg2 blunder (Sodium Attack)",
    "54 Bg7 brilliant (Sodium Attack)",
    "55 Re2 mistake (Sodium Attack)",
    "56 Qxg8 mistake (Sodium Attack)",
    "57 Nb5 mistake (Sodium Attack)",
    "58 Bb7 blunder (Sodium Attack)",
    "59 a4 blunder (Sodium Attack)",
    "60 Qf8 blunder (Sodium Attack)",
    "61 Rh2 blunder (Sodium Attack)",
    "62 Ke7 blunder (Sodium Attack)",
    "63 Rh1 blunder (Sodium Attack)",
    "64 Nc7 blunder (Sodium Attack)",
    "65 Bd2 blunder (Sodium Attack)",
    "66 Bxd4 blunder (Sodium Attack)",
    "67 Rhe1 blunder (Sodium Attack)",
    "68 Qxf3 blunder (Sodium Attack)",
    "69 b4 blunder (Sodium Attack)",
    "70 Qh5 blunder (Sodium Attack)",
    "71 Na7 blunder (Sodium Attack)",
    "72 Nb5 blunder (Sodium Attack)",
    "73 Red1 blunder (Sodium Attack)",
    "74 Bxa8 good (Sodium Attack)",
    "75 Nc8+ inaccuracy (Sodium Attack)",
    "76 Kf7 inaccuracy (Sodium Attack)",
    "77 Rdb1 inaccuracy (Sodium Attack)",
    "78 Bxe3 brilliant (Sodium Attack)",
    "79 Rc1 good (Sodium Attack)",
    "80 Rh7 inaccuracy (Sodium Attack)",
    "81 Be1 mistake (Sodium Attack)",
    "82 Rh6 inaccuracy (Sodium Attack)",
    "83 bxa5 inaccuracy (Sodium Attack)",
    "84 Ba7 mistake (Sodium Attack)",
  ],
  "06_short_opening.json": [
    "0 start -",
    "1 e4 opening (Opening)",
    "2 e5 opening (King's Pawn Game)",
    "3 Nf3 opening (King's Knight Opening)",
    "4 Nc6 opening (King's Knight Opening: Normal Variation)",
    "5 Bb5 opening (Ruy Lopez)",
    "6 a6 forced (Ruy Lopez)",
    "7 Ba4 forced (Ruy Lopez)",
    "8 Nf6 forced (Ruy Lopez)",
  ],
  "06_short_opening.json:two-lines": [
    "0 start -",
    "1 e4 opening (Opening)",
    "2 e5 opening (King's Pawn Game)",
    "3 Nf3 opening (King's Knight Opening)",
    "4 Nc6 opening (King's Knight Opening: Normal Variation)",
    "5 Bb5 opening (Ruy Lopez)",
    "6 a6 excellent (Ruy Lopez)",
    "7 Ba4 best (Ruy Lopez)",
    "8 Nf6 best (Ruy Lopez)",
  ],
  "07_knight_fork.json": [
    "0 start -",
    "1 e4 opening (Opening)",
    "2 c5 opening (Opening)",
    "3 Nf3 opening (Opening)",
    "4 Nc6 opening (Sicilian Defense: Old Sicilian)",
    "5 d4 forced (Sicilian Defense: Old Sicilian)",
    "6 cxd4 forced (Sicilian Defense: Old Sicilian)",
    "7 Nxd4 forced (Sicilian Defense: Old Sicilian)",
    "8 Qb6 opening (Sicilian Defense: Godiva Variation)",
    "9 Nf3 excellent (Sicilian Defense: Godiva Variation)",
    "10 Qxb2 forced (Sicilian Defense: Godiva Variation)",
    "11 Na3 forced (Sicilian Defense: Godiva Variation)",
    "12 Qxa1 forced (Sicilian Defense: Godiva Variation)",
    "13 Nb5 forced (Sicilian Defense: Godiva Variation)",
    "14 Qxc1 forced (Sicilian Defense: Godiva Variation)",
    "15 Nc7+ blunder (Sicilian Defense: Godiva Variation)",
    "16 Kd8 forced (Sicilian Defense: Godiva Variation)",
    "17 Nxa8 forced (Sicilian Defense: Godiva Variation)",
    "18 Qxd1+ forced (Sicilian Defense: Godiva Variation)",
    "19 Kxd1 forced (Sicilian Defense: Godiva Variation)",
    "20 e5 forced (Sicilian Defense: Godiva Variation)",
  ],
  "07_knight_fork.json:two-lines": [
    "0 start -",
    "1 e4 opening (Opening)",
    "2 c5 opening (Opening)",
    "3 Nf3 opening (Opening)",
    "4 Nc6 opening (Sicilian Defense: Old Sicilian)",
    "5 d4 excellent (Sicilian Defense: Old Sicilian)",
    "6 cxd4 best (Sicilian Defense: Old Sicilian)",
    "7 Nxd4 best (Sicilian Defense: Old Sicilian)",
    "8 Qb6 opening (Sicilian Defense: Godiva Variation)",
    "9 Nf3 excellent (Sicilian Defense: Godiva Variation)",
    "10 Qxb2 blunder (Sicilian Defense: Godiva Variation)",
    "11 Na3 blunder (Sicilian Defense: Godiva Variation)",
    "12 Qxa1 best (Sicilian Defense: Godiva Variation)",
    "13 Nb5 best (Sicilian Defense: Godiva Variation)",
    "14 Qxc1 blunder (Sicilian Defense: Godiva Variation)",
    "15 Nc7+ blunder (Sicilian Defense: Godiva Variation)",
    "16 Kd8 best (Sicilian Defense: Godiva Variation)",
    "17 Nxa8 blunder (Sicilian Defense: Godiva Variation)",
    "18 Qxd1+ best (Sicilian Defense: Godiva Variation)",
    "19 Kxd1 best (Sicilian Defense: Godiva Variation)",
    "20 e5 best (Sicilian Defense: Godiva Variation)",
  ],
  "08_quiet_positional.json": [
    "0 start -",
    "1 Nf3 opening (Opening)",
    "2 Nf6 opening (Opening)",
    "3 g3 opening (Opening)",
    "4 g6 opening (King's Indian Attack: Symmetrical Defense)",
    "5 Bg2 forced (King's Indian Attack: Symmetrical Defense)",
    "6 Bg7 forced (King's Indian Attack: Symmetrical Defense)",
    "7 O-O forced (King's Indian Attack: Symmetrical Defense)",
    "8 O-O forced (King's Indian Attack: Symmetrical Defense)",
    "9 d3 forced (King's Indian Attack: Symmetrical Defense)",
    "10 d6 forced (King's Indian Attack: Symmetrical Defense)",
    "11 c4 forced (King's Indian Attack: Symmetrical Defense)",
    "12 e5 forced (King's Indian Attack: Symmetrical Defense)",
    "13 Nc3 forced (King's Indian Attack: Symmetrical Defense)",
    "14 Nc6 forced (King's Indian Attack: Symmetrical Defense)",
    "15 Rb1 best (King's Indian Attack: Symmetrical Defense)",
    "16 a5 forced (King's Indian Attack: Symmetrical Defense)",
    "17 a3 forced (King's Indian Attack: Symmetrical Defense)",
    "18 h6 forced (King's Indian Attack: Symmetrical Defense)",
    "19 b4 forced (King's Indian Attack: Symmetrical Defense)",
    "20 axb4 forced (King's Indian Attack: Symmetrical Defense)",
    "21 axb4 forced (King's Indian Attack: Symmetrical Defense)",
    "22 Be6 forced (King's Indian Attack: Symmetrical Defense)",
    "23 b5 forced (King's Indian Attack: Symmetrical Defense)",
    "24 Ne7 forced (King's Indian Attack: Symmetrical Defense)",
  ],
  "08_quiet_positional.json:two-lines": [
    "0 start -",
    "1 Nf3 opening (Opening)",
    "2 Nf6 opening (Opening)",
    "3 g3 opening (Opening)",
    "4 g6 opening (King's Indian Attack: Symmetrical Defense)",
    "5 Bg2 excellent (King's Indian Attack: Symmetrical Defense)",
    "6 Bg7 excellent (King's Indian Attack: Symmetrical Defense)",
    "7 O-O excellent (King's Indian Attack: Symmetrical Defense)",
    "8 O-O excellent (King's Indian Attack: Symmetrical Defense)",
    "9 d3 good (King's Indian Attack: Symmetrical Defense)",
    "10 d6 good (King's Indian Attack: Symmetrical Defense)",
    "11 c4 best (King's Indian Attack: Symmetrical Defense)",
    "12 e5 excellent (King's Indian Attack: Symmetrical Defense)",
    "13 Nc3 best (King's Indian Attack: Symmetrical Defense)",
    "14 Nc6 best (King's Indian Attack: Symmetrical Defense)",
    "15 Rb1 best (King's Indian Attack: Symmetrical Defense)",
    "16 a5 best (King's Indian Attack: Symmetrical Defense)",
    "17 a3 best (King's Indian Attack: Symmetrical Defense)",
    "18 h6 excellent (King's Indian Attack: Symmetrical Defense)",
    "19 b4 best (King's Indian Attack: Symmetrical Defense)",
    "20 axb4 best (King's Indian Attack: Symmetrical Defense)",
    "21 axb4 best (King's Indian Attack: Symmetrical Defense)",
    "22 Be6 best (King's Indian Attack: Symmetrical Defense)",
    "23 b5 best (King's Indian Attack: Symmetrical Defense)",
    "24 Ne7 best (King's Indian Attack: Symmetrical Defense)",
  ],
  "09_legal_trap_tactics.json": [
    "throws: Cannot read properties of undefined (reading 'cp')",
  ],
  "09_legal_trap_tactics.json:two-lines": [
    "0 start -",
    "1 e4 opening (Opening)",
    "2 e5 opening (King's Pawn Game)",
    "3 Nf3 opening (King's Knight Opening)",
    "4 d6 good (King's Knight Opening)",
    "5 Bc4 good (King's Knight Opening)",
    "6 Bg4 inaccuracy (King's Knight Opening)",
    "7 Nc3 good (King's Knight Opening)",
    "8 g6 mistake (King's Knight Opening)",
    "9 Nxe5 best (King's Knight Opening)",
    "10 Bxd1 blunder (King's Knight Opening)",
    "11 Bxf7+ great (King's Knight Opening)",
    "12 Ke7 best (King's Knight Opening)",
  ],
  "10_queenless_endgame.json": [
    "0 start -",
    "1 e4 opening (Opening)",
    "2 e5 opening (King's Pawn Game)",
    "3 Nf3 opening (King's Knight Opening)",
    "4 Nf6 opening (Petrov's Defense)",
    "5 Nxe5 opening (Petrov's Defense)",
    "6 d6 opening (Petrov's Defense)",
    "7 Nf3 opening (Petrov's Defense)",
    "8 Nxe4 opening (Petrov's Defense)",
    "9 Qe2 opening (Petrov's Defense: Cozio Attack)",
    "10 Qe7 forced (Petrov's Defense: Cozio Attack)",
    "11 d3 forced (Petrov's Defense: Cozio Attack)",
    "12 Nf6 forced (Petrov's Defense: Cozio Attack)",
    "13 Bg5 forced (Petrov's Defense: Cozio Attack)",
    "14 Qxe2+ forced (Petrov's Defense: Cozio Attack)",
    "15 Bxe2 forced (Petrov's Defense: Cozio Attack)",
    "16 Be7 forced (Petrov's Defense: Cozio Attack)",
    "17 Nc3 forced (Petrov's Defense: Cozio Attack)",
    "18 Nbd7 forced (Petrov's Defense: Cozio Attack)",
    "19 O-O-O forced (Petrov's Defense: Cozio Attack)",
    "20 h6 forced (Petrov's Defense: Cozio Attack)",
    "21 Bh4 forced (Petrov's Defense: Cozio Attack)",
    "22 g5 good (Petrov's Defense: Cozio Attack)",
    "23 Bg3 forced (Petrov's Defense: Cozio Attack)",
    "24 Nh5 forced (Petrov's Defense: Cozio Attack)",
    "25 Nd4 forced (Petrov's Defense: Cozio Attack)",
    "26 Nxg3 forced (Petrov's Defense: Cozio Attack)",
    "27 hxg3 forced (Petrov's Defense: Cozio Attack)",
    "28 Ne5 forced (Petrov's Defense: Cozio Attack)",
    "29 f4 good (Petrov's Defense: Cozio Attack)",
    "30 gxf4 forced (Petrov's Defense: Cozio Attack)",
    "31 gxf4 forced (Petrov's Defense: Cozio Attack)",
    "32 Ng6 forced (Petrov's Defense: Cozio Attack)",
    "33 g3 forced (Petrov's Defense: Cozio Attack)",
    "34 c6 forced (Petrov's Defense: Cozio Attack)",
    "35 Ne6 blunder (Petrov's Defense: Cozio Attack)",
    "36 Bxe6 forced (Petrov's Defense: Cozio Attack)",
    "37 Bf3 forced (Petrov's Defense: Cozio Attack)",
    "38 O-O-O forced (Petrov's Defense: Cozio Attack)",
    "39 Rhe1 forced (Petrov's Defense: Cozio Attack)",
    "40 d5 forced (Petrov's Defense: Cozio Attack)",
  ],
  "10_queenless_endgame.json:two-lines": [
    "0 start -",
    "1 e4 opening (Opening)",
    "2 e5 opening (King's Pawn Game)",
    "3 Nf3 opening (King's Knight Opening)",
    "4 Nf6 opening (Petrov's Defense)",
    "5 Nxe5 opening (Petrov's Defense)",
    "6 d6 opening (Petrov's Defense)",
    "7 Nf3 opening (Petrov's Defense)",
    "8 Nxe4 opening (Petrov's Defense)",
    "9 Qe2 opening (Petrov's Defense: Cozio Attack)",
    "10 Qe7 best (Petrov's Defense: Cozio Attack)",
    "11 d3 best (Petrov's Defense: Cozio Attack)",
    "12 Nf6 best (Petrov's Defense: Cozio Attack)",
    "13 Bg5 excellent (Petrov's Defense: Cozio Attack)",
    "14 Qxe2+ best (Petrov's Defense: Cozio Attack)",
    "15 Bxe2 best (Petrov's Defense: Cozio Attack)",
    "16 Be7 best (Petrov's Defense: Cozio Attack)",
    "17 Nc3 best (Petrov's Defense: Cozio Attack)",
    "18 Nbd7 excellent (Petrov's Defense: Cozio Attack)",
    "19 O-O-O excellent (Petrov's Defense: Cozio Attack)",
    "20 h6 excellent (Petrov's Defense: Cozio Attack)",
    "21 Bh4 good (Petrov's Defense: Cozio Attack)",
    "22 g5 good (Petrov's Defense: Cozio Attack)",
    "23 Bg3 best (Petrov's Defense: Cozio Attack)",
    "24 Nh5 excellent (Petrov's Defense: Cozio Attack)",
    "25 Nd4 good (Petrov's Defense: Cozio Attack)",
    "26 Nxg3 good (Petrov's Defense: Cozio Attack)",
    "27 hxg3 good (Petrov's Defense: Cozio Attack)",
    "28 Ne5 mistake (Petrov's Defense: Cozio Attack)",
    "29 f4 good (Petrov's Defense: Cozio Attack)",
    "30 gxf4 excellent (Petrov's Defense: Cozio Attack)",
    "31 gxf4 best (Petrov's Defense: Cozio Attack)",
    "32 Ng6 best (Petrov's Defense: Cozio Attack)",
    "33 g3 good (Petrov's Defense: Cozio Attack)",
    "34 c6 best (Petrov's Defense: Cozio Attack)",
    "35 Ne6 blunder (Petrov's Defense: Cozio Attack)",
    "36 Bxe6 best (Petrov's Defense: Cozio Attack)",
    "37 Bf3 good (Petrov's Defense: Cozio Attack)",
    "38 O-O-O excellent (Petrov's Defense: Cozio Attack)",
    "39 Rhe1 good (Petrov's Defense: Cozio Attack)",
    "40 d5 excellent (Petrov's Defense: Cozio Attack)",
  ],
}
`;
